// Jest Snapshot v1, https://goo.gl/fbAQLP

exports[`should Comment render correctly 1`] = `
<li
  className="reviews__item"
>
  <div
    className="reviews__user user"
  >
    <div
      className="reviews__avatar-wrapper user__avatar-wrapper"
    >
      <img
        alt="Reviews avatar"
        className="reviews__avatar user__avatar"
        height="54"
        src="avatar-max.jpg"
        width="54"
      />
    </div>
    <span
      className="reviews__user-name"
    >
      Max
    </span>
  </div>
  <div
    className="reviews__info"
  >
    <div
      className="reviews__rating rating"
    >
      <div
        className="reviews__stars rating__stars"
      >
        <span
          style={
            Object {
              "width": 39.2,
            }
          }
        />
        <span
          className="visually-hidden"
        >
          Rating
        </span>
      </div>
    </div>
    <p
      className="reviews__text"
    >
      An independent House, strategically located between Rembrand Square and National Opera, but where the bustle of the city comes to rest in this alley flowery and colorful.
    </p>
    <time
      className="reviews__time"
      dateTime="March 2020"
    >
      March 2020
    </time>
  </div>
</li>
`;
